digraph G {
  0 [label="207,225:12"]
  0 -> 2
  0 -> 3
  1 [label="1:215"]
  1 -> 0
  2 [label="210:24"]
  2 -> 0
  3 [label="228:774"]
}
